// Jest Snapshot v1, https://goo.gl/fbAQLP

exports[`<HomePage /> should render and match the snapshot 1`] = `
<div
  class="homepage-wrapper"
>
  <div
    id="tsparticles"
  >
    <canvas
      class="tsparticles-canvas-el"
      style="width: 100%; height: 100%;"
    />
  </div>
  <div
    class="homepage-header"
  >
    <h1
      class="homepage-header text-center"
    >
      <span>
        Freelance Mobile Developer
      </span>
    </h1>
    <h2
      class="homepage-header text-center"
    >
      <span>
        Highly experienced in developing mobile applications using React Native
      </span>
    </h2>
  </div>
  <div>
    <div
      class="animated fadeIn"
    >
      <div
        class="row"
      >
        <div
          class="col-12 col-xl-6"
        >
          <div
            class="border-0 bg-transparent card"
          >
            <div
              class="card-body"
            >
              <div
                class="carousel slide"
              >
                <ol
                  class="carousel-indicators"
                >
                  <li
                    class="active"
                  />
                </ol>
                <div
                  class="carousel-inner"
                >
                  <div
                    class="carousel-item active"
                  >
                    <div
                      class="react-aspect-ratio-placeholder"
                      style="min-height: 400px; background-image: url(IMAGE_MOCK); background-size: contain; background-position: center;"
                    />
                    <div
                      class="carousel-caption d-none d-md-block"
                    >
                      <h3>
                        Code Scanner
                      </h3>
                      <p>
                        Code Scanner
                      </p>
                    </div>
                  </div>
                </div>
                <a
                  class="carousel-control-prev"
                  role="button"
                  style="cursor: pointer;"
                  tabindex="0"
                >
                  <span
                    aria-hidden="true"
                    class="carousel-control-prev-icon"
                  />
                  <span
                    class="sr-only"
                  >
                    Previous
                  </span>
                </a>
                <a
                  class="carousel-control-next"
                  role="button"
                  style="cursor: pointer;"
                  tabindex="0"
                >
                  <span
                    aria-hidden="true"
                    class="carousel-control-next-icon"
                  />
                  <span
                    class="sr-only"
                  >
                    Next
                  </span>
                </a>
              </div>
            </div>
          </div>
        </div>
        <div
          class="col-12 col-xl-6"
        >
          <div
            class="border-0 bg-transparent card"
          >
            <div
              class="card-body"
            >
              <div
                class="carousel slide"
              >
                <div
                  class="carousel-inner"
                >
                  <div
                    class="carousel-item active"
                  >
                    <h2>
                      Code Scanner
                    </h2>
                    <p>
                      A mobile application help you to scan for QR code and Barcode. You can generate QR code also.
                    </p>
                    <div
                      class="row"
                    >
                      <div
                        class="align-self-center col"
                      >
                        <a
                          class="d-flex justify-content-end"
                          href="#name"
                        >
                          <img
                            class="d-block w-50"
                            src="IMAGE_MOCK"
                          />
                        </a>
                      </div>
                      <div
                        class="align-self-center col"
                      >
                        <a
                          class="d-flex justify-content-start"
                          href="#name"
                        >
                          <img
                            class="d-block w-50"
                            src="IMAGE_MOCK"
                          />
                        </a>
                      </div>
                    </div>
                  </div>
                </div>
              </div>
            </div>
          </div>
        </div>
      </div>
    </div>
  </div>
</div>
`;
